[    0.000000] Booting Linux on physical CPU 0x0
[    0.000000] Linux version 5.4.0-1032-raspi (buildd@bos02-arm64-079) (gcc version 9.3.0 (Ubuntu 9.3.0-17ubuntu1~20.04)) #35-Ubuntu SMP PREEMPT Fri Mar 19 20:56:57 UTC 2021 (Ubuntu 5.4.0-1032.35-raspi 5.4.94)
[    0.000000] CPU: ARMv7 Processor [410fd083] revision 3 (ARMv7), cr=30c5383d
[    0.000000] CPU: div instructions available: patching division code
[    0.000000] CPU: PIPT / VIPT nonaliasing data cache, PIPT instruction cache
[    0.000000] OF: fdt: Machine model: Raspberry Pi 4 Model B Rev 1.2
[    0.000000] Memory policy: Data cache writealloc
[    0.000000] efi: Getting EFI parameters from FDT:
[    0.000000] efi: UEFI not found.
[    0.000000] Reserved memory: created CMA memory pool at 0x000000002c000000, size 64 MiB
[    0.000000] OF: reserved mem: initialized node linux,cma, compatible id shared-dma-pool
[    0.000000] On node 0 totalpages: 1012736
[    0.000000]   DMA zone: 2304 pages used for memmap
[    0.000000]   DMA zone: 0 pages reserved
[    0.000000]   DMA zone: 196608 pages, LIFO batch:63
[    0.000000]   HighMem zone: 816128 pages, LIFO batch:63
[    0.000000] percpu: Embedded 21 pages/cpu s54284 r8192 d23540 u86016
[    0.000000] pcpu-alloc: s54284 r8192 d23540 u86016 alloc=21*4096
[    0.000000] pcpu-alloc: [0] 0 [0] 1 [0] 2 [0] 3 
[    0.000000] Built 1 zonelists, mobility grouping on.  Total pages: 1010432
[    0.000000] Kernel command line:  coherent_pool=1M 8250.nr_uarts=1 snd_bcm2835.enable_compat_alsa=0 snd_bcm2835.enable_hdmi=1 bcm2708_fb.fbwidth=1600 bcm2708_fb.fbheight=900 bcm2708_fb.fbswap=1 smsc95xx.macaddr=DC:A6:32:6B:75:51 vc_mem.mem_base=0x3ec00000 vc_mem.mem_size=0x40000000  net.ifnames=0 dwc_otg.lpm_enable=0 console=ttyS0,115200 console=tty1 root=LABEL=writable rootfstype=ext4 elevator=deadline rootwait fixrtc quiet splash
[    0.000000] Dentry cache hash table entries: 131072 (order: 7, 524288 bytes, linear)
[    0.000000] Inode-cache hash table entries: 65536 (order: 6, 262144 bytes, linear)
[    0.000000] allocated 4128768 bytes of page_ext
[    0.000000] mem auto-init: stack:off, heap alloc:off, heap free:off
[    0.000000] software IO TLB: mapped [mem 0x24b74000-0x28b74000] (64MB)
[    0.000000] Memory: 3820124K/4050944K available (12288K kernel code, 740K rwdata, 3840K rodata, 2048K init, 781K bss, 165284K reserved, 65536K cma-reserved, 3264512K highmem)
[    0.000000] random: get_random_u32 called from kmem_cache_open+0x30/0x3a0 with crng_init=0
[    0.000000] SLUB: HWalign=64, Order=0-3, MinObjects=0, CPUs=4, Nodes=1
[    0.000000] ftrace: allocating 38367 entries in 75 pages
[    0.000000] rcu: Preemptible hierarchical RCU implementation.
[    0.000000] 	Tasks RCU enabled.
[    0.000000] rcu: RCU calculated value of scheduler-enlistment delay is 25 jiffies.
[    0.000000] NR_IRQS: 16, nr_irqs: 16, preallocated irqs: 16
[    0.000000] GIC: Using split EOI/Deactivate mode
[    0.000008] sched_clock: 32 bits at 1000kHz, resolution 1000ns, wraps every 2147483647500ns
[    0.000024] clocksource: timer: mask: 0xffffffff max_cycles: 0xffffffff, max_idle_ns: 1911260446275 ns
[    0.000103] bcm2835: system timer (irq = 17)
[    0.000760] arch_timer: cp15 timer(s) running at 54.00MHz (phys).
[    0.000776] clocksource: arch_sys_counter: mask: 0xffffffffffffff max_cycles: 0xc743ce346, max_idle_ns: 440795203123 ns
[    0.000794] sched_clock: 56 bits at 54MHz, resolution 18ns, wraps every 4398046511102ns
[    0.000807] Switching to timer-based delay loop, resolution 18ns
[    0.001046] Console: colour dummy device 80x30
[    0.001080] printk: console [tty1] enabled
[    0.001138] Calibrating delay loop (skipped), value calculated using timer frequency.. 108.00 BogoMIPS (lpj=216000)
[    0.001161] pid_max: default: 32768 minimum: 301
[    0.001434] LSM: Security Framework initializing
[    0.001498] Yama: becoming mindful.
[    0.001642] AppArmor: AppArmor initialized
[    0.001847] Mount-cache hash table entries: 2048 (order: 1, 8192 bytes, linear)
[    0.001870] Mountpoint-cache hash table entries: 2048 (order: 1, 8192 bytes, linear)
[    0.001966] *** VALIDATE tmpfs ***
[    0.002747] *** VALIDATE proc ***
[    0.003313] Disabling memory control group subsystem
[    0.003411] *** VALIDATE cgroup1 ***
[    0.003427] *** VALIDATE cgroup2 ***
[    0.003499] CPU: Testing write buffer coherency: ok
[    0.004045] CPU0: thread -1, cpu 0, socket 0, mpidr 80000000
[    0.005104] Setting up static identity map for 0x200000 - 0x200060
[    0.005337] rcu: Hierarchical SRCU implementation.
[    0.008116] EFI services will not be available.
[    0.009076] smp: Bringing up secondary CPUs ...
[    0.010525] CPU1: thread -1, cpu 1, socket 0, mpidr 80000001
[    0.012150] CPU2: thread -1, cpu 2, socket 0, mpidr 80000002
[    0.013854] CPU3: thread -1, cpu 3, socket 0, mpidr 80000003
[    0.014102] smp: Brought up 1 node, 4 CPUs
[    0.014119] SMP: Total of 4 processors activated (432.00 BogoMIPS).
[    0.014133] CPU: All CPU(s) started in HYP mode.
[    0.014145] CPU: Virtualization extensions available.
[    0.015295] devtmpfs: initialized
[    0.029052] VFP support v0.3: implementor 41 architecture 3 part 40 variant 8 rev 0
[    0.029533] clocksource: jiffies: mask: 0xffffffff max_cycles: 0xffffffff, max_idle_ns: 7645041785100000 ns
[    0.029561] futex hash table entries: 1024 (order: 4, 65536 bytes, linear)
[    0.031575] pinctrl core: initialized pinctrl subsystem
[    0.032303] DMI not present or invalid.
[    0.033096] NET: Registered protocol family 16
[    0.037004] DMA: preallocated 1024 KiB pool for atomic coherent allocations
[    0.037575] audit: initializing netlink subsys (disabled)
[    0.037858] audit: type=2000 audit(0.036:1): state=initialized audit_enabled=0 res=1
[    0.038540] cpuidle: using governor ladder
[    0.038671] cpuidle: using governor menu
[    0.039359] No ATAGs?
[    0.039569] hw-breakpoint: found 5 (+1 reserved) breakpoint and 4 watchpoint registers.
[    0.039584] hw-breakpoint: maximum watchpoint size is 8 bytes.
[    0.040109] Serial: AMBA PL011 UART driver
[    0.044308] bcm2835-mbox fe00b880.mailbox: mailbox enabled
[    0.058705] raspberrypi-firmware soc:firmware: Attached to firmware from 2020-06-01 13:23, variant start
[    0.062718] raspberrypi-firmware soc:firmware: Firmware hash is 6379679d1ec6a8c746d7e77e015f5b56b939976f
[    0.120651] bcm2835-dma fe007000.dma: DMA legacy API manager, dmachans=0x1
[    0.128510] SCSI subsystem initialized
[    0.128772] libata version 3.00 loaded.
[    0.129025] usbcore: registered new interface driver usbfs
[    0.129135] usbcore: registered new interface driver hub
[    0.129206] usbcore: registered new device driver usb
[    0.129700] pps_core: LinuxPPS API ver. 1 registered
[    0.129714] pps_core: Software ver. 5.3.6 - Copyright 2005-2007 Rodolfo Giometti <giometti@linux.it>
[    0.129739] PTP clock support registered
[    0.129995] EDAC MC: Ver: 3.0.0
[    0.131580] NetLabel: Initializing
[    0.131594] NetLabel:  domain hash size = 128
[    0.131607] NetLabel:  protocols = UNLABELED CIPSOv4 CALIPSO
[    0.131691] NetLabel:  unlabeled traffic allowed by default
[    0.132790] clocksource: Switched to clocksource arch_sys_counter
[    0.256906] *** VALIDATE bpf ***
[    0.257167] VFS: Disk quotas dquot_6.6.0
[    0.257287] VFS: Dquot-cache hash table entries: 1024 (order 0, 4096 bytes)
[    0.257435] *** VALIDATE ramfs ***
[    0.258358] AppArmor: AppArmor Filesystem Enabled
[    0.258607] simple-framebuffer 3e669000.framebuffer: framebuffer at 0x3e669000, 0x57e400 bytes, mapped to 0x(ptrval)
[    0.258627] simple-framebuffer 3e669000.framebuffer: format=a8r8g8b8, mode=1600x900x32, linelength=6400
[    0.259244] Console: switching to colour frame buffer device 200x56
[    0.266332] simple-framebuffer 3e669000.framebuffer: fb0: simplefb registered!
[    0.279011] thermal_sys: Registered thermal governor 'fair_share'
[    0.279018] thermal_sys: Registered thermal governor 'bang_bang'
[    0.279032] thermal_sys: Registered thermal governor 'step_wise'
[    0.279046] thermal_sys: Registered thermal governor 'user_space'
[    0.279060] thermal_sys: Registered thermal governor 'power_allocator'
[    0.279627] NET: Registered protocol family 2
[    0.280509] tcp_listen_portaddr_hash hash table entries: 512 (order: 0, 6144 bytes, linear)
[    0.280541] TCP established hash table entries: 8192 (order: 3, 32768 bytes, linear)
[    0.280603] TCP bind hash table entries: 8192 (order: 4, 65536 bytes, linear)
[    0.280668] TCP: Hash tables configured (established 8192 bind 8192)
[    0.280886] UDP hash table entries: 512 (order: 2, 16384 bytes, linear)
[    0.280918] UDP-Lite hash table entries: 512 (order: 2, 16384 bytes, linear)
[    0.281348] NET: Registered protocol family 1
[    0.281385] NET: Registered protocol family 44
[    0.281406] PCI: CLS 0 bytes, default 64
[    0.281644] Trying to unpack rootfs image as initramfs...
[    0.932734] Freeing initrd memory: 26440K
[    0.933248] kvm [1]: Error, CPU 0 not supported!
[    0.934757] hw perfevents: enabled with armv7_cortex_a15 PMU driver, 7 counters available
[    0.937775] Initialise system trusted keyrings
[    0.937827] Key type blacklist registered
[    0.938114] workingset: timestamp_bits=14 max_order=20 bucket_order=6
[    0.947615] zbud: loaded
[    0.949634] squashfs: version 4.0 (2009/01/31) Phillip Lougher
[    0.950874] fuse: init (API version 7.31)
[    0.951011] *** VALIDATE fuse ***
[    0.951030] *** VALIDATE fuse ***
[    0.995051] Key type asymmetric registered
[    0.995066] Asymmetric key parser 'x509' registered
[    0.995263] bounce: pool size: 64 pages
[    0.995310] Block layer SCSI generic (bsg) driver version 0.4 loaded (major 242)
[    0.995530] io scheduler mq-deadline registered
[    1.002190] brcm-pcie fd500000.pcie: host bridge /scb/pcie@7d500000 ranges:
[    1.002215] brcm-pcie fd500000.pcie:   No bus range found for /scb/pcie@7d500000, using [bus 00-ff]
[    1.002289] brcm-pcie fd500000.pcie:      MEM 0x0600000000..0x0603ffffff -> 0x00f8000000
[    1.002364] brcm-pcie fd500000.pcie:   IB MEM 0x0000000000..0x00bfffffff -> 0x0000000000
[    1.050901] brcm-pcie fd500000.pcie: link up, 5 GT/s x1 (SSC)
[    1.051279] brcm-pcie fd500000.pcie: PCI host bridge to bus 0000:00
[    1.051298] pci_bus 0000:00: root bus resource [bus 00-ff]
[    1.051319] pci_bus 0000:00: root bus resource [mem 0x600000000-0x603ffffff] (bus address [0xf8000000-0xfbffffff])
[    1.051381] pci 0000:00:00.0: [14e4:2711] type 01 class 0x060400
[    1.051674] pci 0000:00:00.0: PME# supported from D0 D3hot
[    1.055114] PCI: bus0: Fast back to back transfers disabled
[    1.055139] pci 0000:00:00.0: bridge configuration invalid ([bus 00-00]), reconfiguring
[    1.055399] pci 0000:01:00.0: [1106:3483] type 00 class 0x0c0330
[    1.055487] pci 0000:01:00.0: reg 0x10: [mem 0x00000000-0x00000fff 64bit]
[    1.055760] pci 0000:01:00.0: PME# supported from D0 D3cold
[    1.059097] PCI: bus1: Fast back to back transfers disabled
[    1.059118] pci_bus 0000:01: busn_res: [bus 01-ff] end is updated to 01
[    1.059158] pci 0000:00:00.0: BAR 14: assigned [mem 0x600000000-0x6000fffff]
[    1.059182] pci 0000:01:00.0: BAR 0: assigned [mem 0x600000000-0x600000fff 64bit]
[    1.059225] pci 0000:00:00.0: PCI bridge to [bus 01]
[    1.059250] pci 0000:00:00.0:   bridge window [mem 0x600000000-0x6000fffff]
[    1.059573] pcieport 0000:00:00.0: enabling device (0140 -> 0142)
[    1.059826] pcieport 0000:00:00.0: PME: Signaling with IRQ 56
[    1.060250] pcieport 0000:00:00.0: AER: enabled with IRQ 56
[    1.060569] pci 0000:01:00.0: enabling device (0140 -> 0142)
[    1.061221] bcm2708_fb soc:fb: FB found 1 display(s)
[    1.070027] bcm2708_fb soc:fb: Registered framebuffer for display 0, size 1600x900
[    1.152084] Serial: 8250/16550 driver, 1 ports, IRQ sharing enabled
[    1.155567] iproc-rng200 fe104000.rng: hwrng registered
[    1.156204] vc-mem: phys_addr:0x00000000 mem_base=0x3ec00000 mem_size:0x40000000(1024 MiB)
[    1.157027] vc-sm: Videocore shared memory driver
[    1.157640] gpiomem-bcm2835 fe200000.gpiomem: Initialised: Registers at 0xfe200000
[    1.630036] loop: module loaded
[    1.634323] spi-bcm2835 fe204000.spi: could not get clk: -517
[    1.636907] libphy: Fixed MDIO Bus: probed
[    1.636953] tun: Universal TUN/TAP device driver, 1.6
[    1.637781] bcmgenet fd580000.ethernet: failed to get enet clock
[    1.637801] bcmgenet fd580000.ethernet: GENET 5.0 EPHY: 0x0000
[    1.637825] bcmgenet fd580000.ethernet: failed to get enet-wol clock
[    1.637848] bcmgenet fd580000.ethernet: failed to get enet-eee clock
[    1.637876] bcmgenet: Skipping UMAC reset
[    1.648837] libphy: bcmgenet MII bus: probed
[    1.708912] unimac-mdio unimac-mdio.-19: Broadcom UniMAC MDIO bus
[    1.709914] PPP generic driver version 2.4.2
[    1.710220] usbcore: registered new interface driver lan78xx
[    1.710281] usbcore: registered new interface driver smsc95xx
[    1.710339] ehci_hcd: USB 2.0 'Enhanced' Host Controller (EHCI) Driver
[    1.710370] ehci-pci: EHCI PCI platform driver
[    1.710433] ohci_hcd: USB 1.1 'Open' Host Controller (OHCI) Driver
[    1.710653] ohci-pci: OHCI PCI platform driver
[    1.710707] uhci_hcd: USB Universal Host Controller Interface driver
[    1.711125] xhci_hcd 0000:01:00.0: xHCI Host Controller
[    1.711159] xhci_hcd 0000:01:00.0: new USB bus registered, assigned bus number 1
[    1.713685] xhci_hcd 0000:01:00.0: hcc params 0x002841eb hci version 0x100 quirks 0x0000003000000890
[    1.714729] usb usb1: New USB device found, idVendor=1d6b, idProduct=0002, bcdDevice= 5.04
[    1.714747] usb usb1: New USB device strings: Mfr=3, Product=2, SerialNumber=1
[    1.714764] usb usb1: Product: xHCI Host Controller
[    1.714780] usb usb1: Manufacturer: Linux 5.4.0-1032-raspi xhci-hcd
[    1.714796] usb usb1: SerialNumber: 0000:01:00.0
[    1.715494] hub 1-0:1.0: USB hub found
[    1.715570] hub 1-0:1.0: 1 port detected
[    1.716223] xhci_hcd 0000:01:00.0: xHCI Host Controller
[    1.716264] xhci_hcd 0000:01:00.0: new USB bus registered, assigned bus number 2
[    1.716292] xhci_hcd 0000:01:00.0: Host supports USB 3.0 SuperSpeed
[    1.716761] usb usb2: New USB device found, idVendor=1d6b, idProduct=0003, bcdDevice= 5.04
[    1.716812] usb usb2: New USB device strings: Mfr=3, Product=2, SerialNumber=1
[    1.716829] usb usb2: Product: xHCI Host Controller
[    1.716844] usb usb2: Manufacturer: Linux 5.4.0-1032-raspi xhci-hcd
[    1.716860] usb usb2: SerialNumber: 0000:01:00.0
[    1.717575] hub 2-0:1.0: USB hub found
[    1.717651] hub 2-0:1.0: 4 ports detected
[    1.718812] dwc_otg: version 3.00a 10-AUG-2012 (platform bus)
[    1.719187] dwc_otg: FIQ enabled
[    1.719200] dwc_otg: NAK holdoff enabled
[    1.719213] dwc_otg: FIQ split-transaction FSM enabled
[    1.719229] Module dwc_common_port init
[    1.719803] mousedev: PS/2 mouse device common for all mice
[    1.720717] i2c /dev entries driver
[    1.725961] bcm2835-wdt bcm2835-wdt: Broadcom BCM2835 watchdog timer
[    1.726190] device-mapper: uevent: version 1.0.3
[    1.726597] device-mapper: ioctl: 4.41.0-ioctl (2019-09-16) initialised: dm-devel@redhat.com
[    1.730464] sdhci: Secure Digital Host Controller Interface driver
[    1.730470] sdhci: Copyright(c) Pierre Ossman
[    1.730771] mmc-bcm2835 fe300000.mmcnr: could not get clk, deferring probe
[    1.731040] sdhci-pltfm: SDHCI platform and OF driver helper
[    1.733566] ledtrig-cpu: registered to indicate activity on CPUs
[    1.733717] hidraw: raw HID events driver (C) Jiri Kosina
[    1.734250] vchiq: vchiq_init_state: slot_zero = (ptrval)
[    1.735391] [vc_sm_connected_init]: start
[    1.741554] [vc_sm_connected_init]: end - returning 0
[    1.742988] drop_monitor: Initializing network drop monitor service
[    1.743441] NET: Registered protocol family 10
[    1.761979] Segment Routing with IPv6
[    1.762035] NET: Registered protocol family 17
[    1.762143] Key type dns_resolver registered
[    1.762349] Registering SWP/SWPB emulation handler
[    1.762573] registered taskstats version 1
[    1.762616] Loading compiled-in X.509 certificates
[    1.765178] Loaded X.509 cert 'Build time autogenerated kernel key: 4bb48def206eec84e1b40fa3d57603920106a390'
[    1.767530] Loaded X.509 cert 'Canonical Ltd. Live Patch Signing: 14df34d1a87cf37625abec039ef2bf521249b969'
[    1.769834] Loaded X.509 cert 'Canonical Ltd. Kernel Module Signing: 88f752e560a1e0737e31163a466ad7b70a850c19'
[    1.770249] Key type ._fscrypt registered
[    1.770254] Key type .fscrypt registered
[    1.786780] cryptd: max_cpu_qlen set to 1000
[    1.805971] Key type big_key registered
[    1.824089] Key type encrypted registered
[    1.824100] AppArmor: AppArmor sha1 policy hashing enabled
[    1.824121] ima: No TPM chip found, activating TPM-bypass!
[    1.824140] ima: Allocated hash algorithm: sha1
[    1.824158] ima: No architecture policies found
[    1.824207] evm: Initialising EVM extended attributes:
[    1.824213] evm: security.selinux
[    1.824218] evm: security.SMACK64
[    1.824223] evm: security.SMACK64EXEC
[    1.824228] evm: security.SMACK64TRANSMUTE
[    1.824233] evm: security.SMACK64MMAP
[    1.824239] evm: security.apparmor
[    1.824244] evm: security.ima
[    1.824249] evm: security.capability
[    1.824254] evm: HMAC attrs: 0x1
[    1.829156] uart-pl011 fe201000.serial: cts_event_workaround enabled
[    1.829195] fe201000.serial: ttyAMA0 at MMIO 0xfe201000 (irq = 29, base_baud = 0) is a PL011 rev2
[    1.834520] printk: console [ttyS0] disabled
[    1.834559] fe215040.serial: ttyS0 at MMIO 0x0 (irq = 31, base_baud = 62500000) is a 16550
[    1.845127] printk: console [ttyS0] enabled
[    1.845527] bcm2835-power bcm2835-power: Broadcom BCM2835 power domains driver
[    1.847675] mmc-bcm2835 fe300000.mmcnr: mmc_debug:0 mmc_debug2:0
[    1.847682] mmc-bcm2835 fe300000.mmcnr: DMA channel allocated
[    1.891149] mmc1: queuing unknown CIS tuple 0x80 (2 bytes)
[    1.892696] mmc1: queuing unknown CIS tuple 0x80 (3 bytes)
[    1.894240] mmc1: queuing unknown CIS tuple 0x80 (3 bytes)
[    1.897012] mmc1: queuing unknown CIS tuple 0x80 (7 bytes)
[    1.898557] mmc1: queuing unknown CIS tuple 0x80 (3 bytes)
[    1.910234] mmc0: SDHCI controller on fe340000.emmc2 [fe340000.emmc2] using ADMA
[    1.911625] hctosys: unable to open rtc device (rtc0)
[    1.911926] of_cfs_init
[    1.912001] of_cfs_init: OK
[    1.916423] Freeing unused kernel memory: 2048K
[    1.917117] Checked W+X mappings: passed, no W+X pages found
[    1.917124] Run /init as init process
[    1.935075] random: fast init done
[    1.961403] mmc1: new high speed SDIO card at address 0001
[    1.968627] random: systemd-udevd: uninitialized urandom read (16 bytes read)
[    1.971247] random: systemd-udevd: uninitialized urandom read (16 bytes read)
[    1.971296] random: systemd-udevd: uninitialized urandom read (16 bytes read)
[    2.007313] mmc0: new ultra high speed DDR50 SDHC card at address 0007
[    2.007946] mmcblk0: mmc0:0007 SD16G 14.4 GiB
[    2.011618]  mmcblk0: p1 p2
[    2.048844] usb 1-1: new high-speed USB device number 2 using xhci_hcd
[    2.198289] usb 1-1: New USB device found, idVendor=2109, idProduct=3431, bcdDevice= 4.20
[    2.198298] usb 1-1: New USB device strings: Mfr=0, Product=1, SerialNumber=0
[    2.198306] usb 1-1: Product: USB2.0 Hub
[    2.199513] hub 1-1:1.0: USB hub found
[    2.199758] hub 1-1:1.0: 4 ports detected
[    2.329064] usb 2-2: new SuperSpeed Gen 1 USB device number 2 using xhci_hcd
[    2.349849] usb 2-2: New USB device found, idVendor=0781, idProduct=5583, bcdDevice= 1.00
[    2.349858] usb 2-2: New USB device strings: Mfr=1, Product=2, SerialNumber=3
[    2.349865] usb 2-2: Product:  SanDisk 3.2Gen1
[    2.349872] usb 2-2: Manufacturer:  USB
[    2.349879] usb 2-2: SerialNumber: 04011f30e26ce51f0c5c53b5e11d80a37d5d60db9fc0781f82c1d4e3f8c5b449629600000000000000000000e04259aaff926b1883558107a9280cea
[    2.364003] usb-storage 2-2:1.0: USB Mass Storage device detected
[    2.364419] scsi host0: usb-storage 2-2:1.0
[    2.364756] usbcore: registered new interface driver usb-storage
[    2.368663] usbcore: registered new interface driver uas
[    2.492811] usb 1-1.1: new high-speed USB device number 3 using xhci_hcd
[    2.534619] usb_phy_generic phy: phy supply vcc not found, using dummy regulator
[    2.610334] usb 1-1.1: New USB device found, idVendor=148f, idProduct=5370, bcdDevice= 1.01
[    2.610343] usb 1-1.1: New USB device strings: Mfr=1, Product=2, SerialNumber=3
[    2.610350] usb 1-1.1: Product: 802.11 n WLAN
[    2.610357] usb 1-1.1: Manufacturer: Ralink
[    2.610363] usb 1-1.1: SerialNumber: 1.0
[    2.692813] usb 1-1.3: new full-speed USB device number 4 using xhci_hcd
[    2.852823] usb 1-1.3: new high-speed USB device number 5 using xhci_hcd
[    2.966948] usb 1-1.3: New USB device found, idVendor=2c7c, idProduct=0125, bcdDevice= 3.18
[    2.966962] usb 1-1.3: New USB device strings: Mfr=1, Product=2, SerialNumber=0
[    2.966971] usb 1-1.3: Product: Android
[    2.966978] usb 1-1.3: Manufacturer: Android
[    3.056822] usb 1-1.4: new high-speed USB device number 6 using xhci_hcd
[    3.226096] usb 1-1.4: New USB device found, idVendor=32e4, idProduct=9320, bcdDevice=27.02
[    3.226106] usb 1-1.4: New USB device strings: Mfr=2, Product=1, SerialNumber=3
[    3.226117] usb 1-1.4: Product: HD USB Camera
[    3.226126] usb 1-1.4: Manufacturer: HD USB Camera
[    3.226133] usb 1-1.4: SerialNumber: 2020032001
[    3.366253] scsi 0:0:0:0: Direct-Access      USB      SanDisk 3.2Gen1 1.00 PQ: 0 ANSI: 6
[    3.367303] sd 0:0:0:0: Attached scsi generic sg0 type 0
[    3.367773] sd 0:0:0:0: [sda] 488374272 512-byte logical blocks: (250 GB/233 GiB)
[    3.368379] sd 0:0:0:0: [sda] Write Protect is off
[    3.368388] sd 0:0:0:0: [sda] Mode Sense: 43 00 00 00
[    3.369006] sd 0:0:0:0: [sda] Write cache: disabled, read cache: enabled, doesn't support DPO or FUA
[    3.413914]  sda: sda1
[    3.416674] sd 0:0:0:0: [sda] Attached SCSI removable disk
[    5.148774] raid6: neonx8   gen()  2760 MB/s
[    5.196769] raid6: neonx8   xor()  2245 MB/s
[    5.244793] raid6: neonx4   gen()  2149 MB/s
[    5.292791] raid6: neonx4   xor()  2030 MB/s
[    5.340787] raid6: neonx2   gen()  2311 MB/s
[    5.388776] raid6: neonx2   xor()  2398 MB/s
[    5.436787] raid6: neonx1   gen()  1890 MB/s
[    5.484789] raid6: neonx1   xor()  1817 MB/s
[    5.532830] raid6: int32x8  gen()   673 MB/s
[    5.580820] raid6: int32x8  xor()   510 MB/s
[    5.628829] raid6: int32x4  gen()   612 MB/s
[    5.676795] raid6: int32x4  xor()   514 MB/s
[    5.724801] raid6: int32x2  gen()   591 MB/s
[    5.772779] raid6: int32x2  xor()   504 MB/s
[    5.820876] raid6: int32x1  gen()   523 MB/s
[    5.868815] raid6: int32x1  xor()   395 MB/s
[    5.868822] raid6: using algorithm neonx8 gen() 2760 MB/s
[    5.868827] raid6: .... xor() 2245 MB/s, rmw enabled
[    5.868833] raid6: using neon recovery algorithm
[    5.874837] xor: measuring software checksum speed
[    5.912765]    arm4regs  :  3624.000 MB/sec
[    5.952763]    8regs     :  2770.000 MB/sec
[    5.992765]    32regs    :  2760.000 MB/sec
[    6.032784]    neon      :  5701.000 MB/sec
[    6.032790] xor: using function: neon (5701.000 MB/sec)
[    6.037553] async_tx: api initialized (async)
[    6.229096] Btrfs loaded, crc32c=crc32c-arm-ce
[    6.479956] EXT4-fs (mmcblk0p2): mounted filesystem with ordered data mode. Opts: (null)
[    7.133840] systemd[1]: Inserted module 'autofs4'
[    7.175827] systemd[1]: systemd 245.4-4ubuntu3.3 running in system mode. (+PAM +AUDIT +SELINUX +IMA +APPARMOR +SMACK +SYSVINIT +UTMP +LIBCRYPTSETUP +GCRYPT +GNUTLS +ACL +XZ +LZ4 +SECCOMP +BLKID +ELFUTILS +KMOD +IDN2 -IDN +PCRE2 default-hierarchy=hybrid)
[    7.176189] systemd[1]: Detected architecture arm.
[    7.198997] systemd[1]: Set hostname to <ubuntu>.
[    7.913476] systemd[1]: /lib/systemd/system/dbus.socket:5: ListenStream= references a path below legacy directory /var/run/, updating /var/run/dbus/system_bus_socket â†’ /run/dbus/system_bus_socket; please update the unit file accordingly.
[    8.115337] systemd[1]: Created slice system-modprobe.slice.
[    8.116483] systemd[1]: Created slice system-serial\x2dgetty.slice.
[    8.117445] systemd[1]: Created slice system-systemd\x2dfsck.slice.
[    8.118301] systemd[1]: Created slice User and Session Slice.
[    8.118522] systemd[1]: Started Forward Password Requests to Wall Directory Watch.
[    8.119087] systemd[1]: Set up automount Arbitrary Executable File Formats File System Automount Point.
[    8.119324] systemd[1]: Reached target User and Group Name Lookups.
[    8.119389] systemd[1]: Reached target Slices.
[    8.119447] systemd[1]: Reached target Swap.
[    8.119689] systemd[1]: Listening on Device-mapper event daemon FIFOs.
[    8.120036] systemd[1]: Listening on LVM2 poll daemon socket.
[    8.120272] systemd[1]: Listening on multipathd control socket.
[    8.120589] systemd[1]: Listening on Syslog Socket.
[    8.120958] systemd[1]: Listening on fsck to fsckd communication Socket.
[    8.121147] systemd[1]: Listening on initctl Compatibility Named Pipe.
[    8.121713] systemd[1]: Listening on Journal Audit Socket.
[    8.122017] systemd[1]: Listening on Journal Socket (/dev/log).
[    8.122389] systemd[1]: Listening on Journal Socket.
[    8.122801] systemd[1]: Listening on Network Service Netlink Socket.
[    8.123128] systemd[1]: Listening on udev Control Socket.
[    8.123378] systemd[1]: Listening on udev Kernel Socket.
[    8.123670] systemd[1]: Condition check resulted in Huge Pages File System being skipped.
[    8.126948] systemd[1]: Mounting POSIX Message Queue File System...
[    8.131096] systemd[1]: Mounting Kernel Debug File System...
[    8.135343] systemd[1]: Mounting Kernel Trace File System...
[    8.142368] systemd[1]: Starting Journal Service...
[    8.147234] systemd[1]: Starting Set the console keyboard layout...
[    8.151439] systemd[1]: Starting Create list of static device nodes for the current kernel...
[    8.155640] systemd[1]: Starting Monitoring of LVM2 mirrors, snapshots etc. using dmeventd or progress polling...
[    8.159752] systemd[1]: Starting Load Kernel Module drm...
[    8.160028] systemd[1]: Condition check resulted in OpenVSwitch configuration for cleanup being skipped.
[    8.164635] systemd[1]: Started Nameserver information manager.
[    8.168328] systemd[1]: Condition check resulted in Set Up Additional Binary Formats being skipped.
[    8.176413] systemd[1]: Starting Load Kernel Modules...
[    8.181248] systemd[1]: Starting Remount Root and Kernel File Systems...
[    8.185898] systemd[1]: Starting udev Coldplug all Devices...
[    8.190332] systemd[1]: Starting Uncomplicated firewall...
[    8.197055] systemd[1]: Mounted POSIX Message Queue File System.
[    8.198247] systemd[1]: Mounted Kernel Debug File System.
[    8.199352] systemd[1]: Mounted Kernel Trace File System.
[    8.202700] systemd[1]: Finished Create list of static device nodes for the current kernel.
[    8.212104] systemd[1]: Finished Load Kernel Modules.
[    8.217624] systemd[1]: Mounting FUSE Control File System...
[    8.225264] systemd[1]: Mounting Kernel Configuration File System...
[    8.230297] systemd[1]: Starting Apply Kernel Variables...
[    8.235401] EXT4-fs (mmcblk0p2): re-mounted. Opts: (null)
[    8.235587] systemd[1]: Finished Uncomplicated firewall.
[    8.245202] systemd[1]: Finished Remount Root and Kernel File Systems.
[    8.246105] systemd[1]: Mounted FUSE Control File System.
[    8.246839] systemd[1]: Mounted Kernel Configuration File System.
[    8.249896] systemd[1]: Condition check resulted in Rebuild Hardware Database being skipped.
[    8.250021] systemd[1]: Condition check resulted in Platform Persistent Storage Archival being skipped.
[    8.254314] systemd[1]: Starting Load/Save Random Seed...
[    8.258704] systemd[1]: Starting Create System Users...
[    8.292178] systemd[1]: modprobe@drm.service: Succeeded.
[    8.293551] systemd[1]: Finished Load Kernel Module drm.
[    8.334123] systemd[1]: Started Journal Service.
[    8.370151] systemd-journald[903]: Received client request to flush runtime journal.
[    8.464345] systemd-journald[903]: File /var/log/journal/f82a6c9a9e9c4267844c67d64dd99f4a/system.journal corrupted or uncleanly shut down, renaming and replacing.
[    9.555110] rpivid-mem feb00000.hevc-decoder: rpivid-hevcmem initialised: Registers at 0xfeb00000 length 0x00010000
[    9.555478] rpivid-mem feb10000.rpivid-local-intc: rpivid-intcmem initialised: Registers at 0xfeb10000 length 0x00001000
[    9.555720] rpivid-mem feb20000.h264-decoder: rpivid-h264mem initialised: Registers at 0xfeb20000 length 0x00010000
[    9.555966] rpivid-mem feb30000.vp9-decoder: rpivid-vp9mem initialised: Registers at 0xfeb30000 length 0x00010000
[    9.583122] mc: Linux media interface: v0.10
[    9.593329] vc_sm_cma: module is from the staging directory, the quality is unknown, you have been warned.
[    9.593630] vc_sm_cma: module verification failed: signature and/or required key missing - tainting kernel
[    9.594378] bcm2835_vc_sm_cma_probe: Videocore shared memory driver
[    9.594388] [vc_sm_connected_init]: start
[    9.600973] [vc_sm_connected_init]: installed successfully
[    9.651715] videodev: Linux video capture interface: v2.00
[    9.655430] snd_bcm2835: module is from the staging directory, the quality is unknown, you have been warned.
[    9.660117] bcm2835_audio bcm2835_audio: card created with 4 channels
[    9.661162] bcm2835_audio bcm2835_audio: card created with 4 channels
[    9.716710] bcm2835_mmal_vchiq: module is from the staging directory, the quality is unknown, you have been warned.
[    9.717680] bcm2835_mmal_vchiq: module is from the staging directory, the quality is unknown, you have been warned.
[    9.752452] bcm2835_v4l2: module is from the staging directory, the quality is unknown, you have been warned.
[    9.753465] bcm2835_isp: module is from the staging directory, the quality is unknown, you have been warned.
[    9.760250] usbcore: registered new interface driver usbserial_generic
[    9.760281] usbserial: USB Serial support registered for generic
[    9.762138] bcm2835_codec: module is from the staging directory, the quality is unknown, you have been warned.
[    9.767478] bcm2835-isp bcm2835-isp: Device node output[0] registered as /dev/video13
[    9.767734] bcm2835-isp bcm2835-isp: Device node capture[0] registered as /dev/video14
[    9.768206] bcm2835-isp bcm2835-isp: Device node capture[1] registered as /dev/video15
[    9.768309] bcm2835-codec bcm2835-codec: Device registered as /dev/video10
[    9.768345] bcm2835-codec bcm2835-codec: Loaded V4L2 decode
[    9.769433] bcm2835-isp bcm2835-isp: Device node stats[2] registered as /dev/video16
[    9.769456] bcm2835-isp bcm2835-isp: Register output node 0 with media controller
[    9.769468] bcm2835-isp bcm2835-isp: Register capture node 1 with media controller
[    9.769477] bcm2835-isp bcm2835-isp: Register capture node 2 with media controller
[    9.769486] bcm2835-isp bcm2835-isp: Register capture node 3 with media controller
[    9.769636] bcm2835-isp bcm2835-isp: Loaded V4L2 bcm2835-isp
[    9.773515] bcm2835-codec bcm2835-codec: Device registered as /dev/video11
[    9.773535] bcm2835-codec bcm2835-codec: Loaded V4L2 encode
[    9.776093] bcm2835-codec bcm2835-codec: Device registered as /dev/video12
[    9.776112] bcm2835-codec bcm2835-codec: Loaded V4L2 isp
[    9.789300] uvcvideo: Found UVC 1.00 device HD USB Camera (32e4:9320)
[    9.807956] usbcore: registered new interface driver option
[    9.807989] usbserial: USB Serial support registered for GSM modem (1-port)
[    9.808184] option 1-1.3:1.0: GSM modem (1-port) converter detected
[    9.810670] usb 1-1.3: GSM modem (1-port) converter now attached to ttyUSB0
[    9.810851] option 1-1.3:1.1: GSM modem (1-port) converter detected
[    9.811101] usb 1-1.3: GSM modem (1-port) converter now attached to ttyUSB1
[    9.811249] option 1-1.3:1.2: GSM modem (1-port) converter detected
[    9.812471] usb 1-1.3: GSM modem (1-port) converter now attached to ttyUSB2
[    9.812640] option 1-1.3:1.3: GSM modem (1-port) converter detected
[    9.819498] usb 1-1.3: GSM modem (1-port) converter now attached to ttyUSB3
[    9.822778] Bluetooth: Core ver 2.22
[    9.822842] NET: Registered protocol family 31
[    9.822848] Bluetooth: HCI device and connection manager initialized
[    9.822862] Bluetooth: HCI socket layer initialized
[    9.822871] Bluetooth: L2CAP socket layer initialized
[    9.822888] Bluetooth: SCO socket layer initialized
[    9.853415] GobiNet: loading out-of-tree module taints kernel.
[    9.853418] GobiNet: loading out-of-tree module taints kernel.
[    9.853420] GobiNet: loading out-of-tree module taints kernel.
[    9.854499] GobiNet: Quectel_Linux&Android_GobiNet_Driver_V1.6
[    9.859413] input: HD USB Camera: HD USB Camera as /devices/platform/scb/fd500000.pcie/pci0000:00/0000:00:00.0/0000:01:00.0/usb1/1-1/1-1.4/1-1.4:1.0/input/input0
[    9.859692] usbcore: registered new interface driver uvcvideo
[    9.859698] USB Video Class driver (1.1.1)
[    9.865733] GobiNet 1-1.3:1.4 usb0: register 'GobiNet' at usb-0000:01:00.0-1.3, GobiNet Ethernet Device, 3e:4f:c4:f2:a4:7b
[    9.870391] creating qcqmi0
[    9.870692] usbcore: registered new interface driver GobiNet
[    9.994060] cfg80211: Loading compiled-in X.509 certificates for regulatory database
[   10.026697] cfg80211: Loaded X.509 cert 'sforshee: 00b28ddf47aef9cea7'
[   10.494528] usb 1-1.1: reset high-speed USB device number 3 using xhci_hcd
[   10.615318] ieee80211 phy0: rt2x00_set_rt: Info - RT chipset 5390, rev 0502 detected
[   10.673200] ieee80211 phy0: rt2x00_set_rf: Info - RF chipset 5370 detected
[   10.673399] ieee80211 phy0: Selected rate control algorithm 'minstrel_ht'
[   10.675015] usbcore: registered new interface driver rt2800usb
[   11.840223] alua: device handler registered
[   11.844471] emc: device handler registered
[   11.851515] rdac: device handler registered
[   11.956426] ieee80211 phy0: rt2x00lib_request_firmware: Info - Loading firmware file 'rt2870.bin'
[   11.962207] ieee80211 phy0: rt2x00lib_request_firmware: Info - Firmware detected - version: 0.36
[   12.228903] FAT-fs (sda1): Volume was not properly unmounted. Some data may be corrupt. Please run fsck.
[   12.482222] random: crng init done
[   12.482229] random: 7 urandom warning(s) missed due to ratelimiting
[   12.875678] audit: type=1400 audit(1596215580.459:2): apparmor="STATUS" operation="profile_load" profile="unconfined" name="nvidia_modprobe" pid=1625 comm="apparmor_parser"
[   12.876188] audit: type=1400 audit(1596215580.459:3): apparmor="STATUS" operation="profile_load" profile="unconfined" name="nvidia_modprobe//kmod" pid=1625 comm="apparmor_parser"
[   12.878470] audit: type=1400 audit(1596215580.463:4): apparmor="STATUS" operation="profile_load" profile="unconfined" name="lsb_release" pid=1628 comm="apparmor_parser"
[   12.882390] audit: type=1400 audit(1596215580.467:5): apparmor="STATUS" operation="profile_load" profile="unconfined" name="/usr/bin/man" pid=1626 comm="apparmor_parser"
[   12.882774] audit: type=1400 audit(1596215580.467:6): apparmor="STATUS" operation="profile_load" profile="unconfined" name="man_filter" pid=1626 comm="apparmor_parser"
[   12.882798] audit: type=1400 audit(1596215580.467:7): apparmor="STATUS" operation="profile_load" profile="unconfined" name="man_groff" pid=1626 comm="apparmor_parser"
[   12.895602] audit: type=1400 audit(1596215580.479:8): apparmor="STATUS" operation="profile_load" profile="unconfined" name="/usr/lib/snapd/snap-confine" pid=1631 comm="apparmor_parser"
[   12.895625] audit: type=1400 audit(1596215580.479:9): apparmor="STATUS" operation="profile_load" profile="unconfined" name="/usr/lib/snapd/snap-confine//mount-namespace-capture-helper" pid=1631 comm="apparmor_parser"
[   12.897543] audit: type=1400 audit(1596215580.483:10): apparmor="STATUS" operation="profile_load" profile="unconfined" name="/usr/sbin/tcpdump" pid=1632 comm="apparmor_parser"
[   12.904726] audit: type=1400 audit(1596215580.487:11): apparmor="STATUS" operation="profile_load" profile="unconfined" name="/usr/lib/NetworkManager/nm-dhcp-client.action" pid=1627 comm="apparmor_parser"
[   17.221265] bcmgenet: Skipping UMAC reset
[   17.223015] bcmgenet fd580000.ethernet: configuring instance for external RGMII
[   17.223243] bcmgenet fd580000.ethernet eth0: Link is Down
[   20.194516] IPv6: ADDRCONF(NETDEV_CHANGE): wlan0: link becomes ready
[   20.292966] bcmgenet fd580000.ethernet eth0: Link is Up - 10Mbps/Full - flow control off
[   20.293004] IPv6: ADDRCONF(NETDEV_CHANGE): eth0: link becomes ready
[   21.124862] IPv6: ADDRCONF(NETDEV_CHANGE): usb0: link becomes ready
[   22.839906] bpfilter: Loaded bpfilter_umh pid 2095
[   22.840712] Started bpfilter
[   24.047849] IPv6: ADDRCONF(NETDEV_CHANGE): wlan0: link becomes ready
[   67.629765] IPv6: ADDRCONF(NETDEV_CHANGE): wlan0: link becomes ready
[  441.266763] usb 1-1.4: USB disconnect, device number 6
[  500.633083] usb 1-1.4: new high-speed USB device number 7 using xhci_hcd
[  500.713545] usb 1-1.4: Device not responding to setup address.
[  500.921286] usb 1-1.4: Device not responding to setup address.
[  501.129080] usb 1-1.4: device not accepting address 7, error -71
[  501.425031] usb 1-1.4: new high-speed USB device number 8 using xhci_hcd
[  501.594125] usb 1-1.4: New USB device found, idVendor=32e4, idProduct=9320, bcdDevice=27.02
[  501.594145] usb 1-1.4: New USB device strings: Mfr=2, Product=1, SerialNumber=3
[  501.594162] usb 1-1.4: Product: HD USB Camera
[  501.594178] usb 1-1.4: Manufacturer: HD USB Camera
[  501.594194] usb 1-1.4: SerialNumber: 2020032001
[  501.601101] uvcvideo: Found UVC 1.00 device HD USB Camera (32e4:9320)
[  501.655496] input: HD USB Camera: HD USB Camera as /devices/platform/scb/fd500000.pcie/pci0000:00/0000:00:00.0/0000:01:00.0/usb1/1-1/1-1.4/1-1.4:1.0/input/input1
[  606.412093] usb 1-1.4: USB disconnect, device number 8
[  606.415933] uvcvideo: Failed to resubmit video URB (-19).
[  606.421547] uvcvideo: Failed to resubmit video URB (-19).
[  606.427120] uvcvideo: Failed to resubmit video URB (-19).
[  606.432706] uvcvideo: Failed to resubmit video URB (-19).
[  606.438268] uvcvideo: Failed to resubmit video URB (-19).
[  606.709085] usb 1-1.4: new high-speed USB device number 9 using xhci_hcd
[  606.878174] usb 1-1.4: New USB device found, idVendor=32e4, idProduct=9320, bcdDevice=27.02
[  606.878188] usb 1-1.4: New USB device strings: Mfr=2, Product=1, SerialNumber=3
[  606.878199] usb 1-1.4: Product: HD USB Camera
[  606.878209] usb 1-1.4: Manufacturer: HD USB Camera
[  606.878219] usb 1-1.4: SerialNumber: 2020032001
[  606.888287] uvcvideo: Found UVC 1.00 device HD USB Camera (32e4:9320)
[  606.942474] input: HD USB Camera: HD USB Camera as /devices/platform/scb/fd500000.pcie/pci0000:00/0000:00:00.0/0000:01:00.0/usb1/1-1/1-1.4/1-1.4:1.0/input/input2
[  608.459088] usb 1-1.4: USB disconnect, device number 9
[  608.733101] usb 1-1.4: new high-speed USB device number 10 using xhci_hcd
[  608.902428] usb 1-1.4: New USB device found, idVendor=32e4, idProduct=9320, bcdDevice=27.02
[  608.902443] usb 1-1.4: New USB device strings: Mfr=2, Product=1, SerialNumber=3
[  608.902454] usb 1-1.4: Product: HD USB Camera
[  608.902464] usb 1-1.4: Manufacturer: HD USB Camera
[  608.902474] usb 1-1.4: SerialNumber: 2020032001
[  608.909191] uvcvideo: Found UVC 1.00 device HD USB Camera (32e4:9320)
[  608.964143] input: HD USB Camera: HD USB Camera as /devices/platform/scb/fd500000.pcie/pci0000:00/0000:00:00.0/0000:01:00.0/usb1/1-1/1-1.4/1-1.4:1.0/input/input3
